../Core/Src/st7565r.c:15:6:st7565r_Reset	8	static
../Core/Src/st7565r.c:27:6:st7565r_WriteCommand	24	static
../Core/Src/st7565r.c:44:6:st7565r_WriteData	32	static
../Core/Src/st7565r.c:63:6:st7565r_DC_Select	16	static
../Core/Src/st7565r.c:81:17:st7565r_FillBuffer	32	static
../Core/Src/st7565r.c:91:6:st7565r_Init	8	static
../Core/Src/st7565r.c:219:6:st7565r_Fill	16	static
../Core/Src/st7565r.c:223:6:st7565r_DisplayClear	8	static
../Core/Src/st7565r.c:231:6:st7565r_UpdateScreen	16	static
../Core/Src/st7565r.c:252:6:st7565r_DrawPixel	24	static
../Core/Src/st7565r.c:273:6:st7565r_WriteChar	48	static
../Core/Src/st7565r.c:308:6:st7565r_WriteString	24	static
../Core/Src/st7565r.c:322:6:st7565r_SetCursor	16	static
../Core/Src/st7565r.c:328:6:st7565r_Line	48	static
../Core/Src/st7565r.c:355:6:st7565r_Polyline	40	static
../Core/Src/st7565r.c:369:14:st7565r_DegToRad	16	static
../Core/Src/st7565r.c:374:17:st7565r_NormalizeTo0_360	32	static
../Core/Src/st7565r.c:390:6:st7565r_DrawArc	64	static
../Core/Src/st7565r.c:430:6:st7565r_DrawArcWithRadiusLine	72	static
../Core/Src/st7565r.c:473:6:st7565r_DrawCircle	40	static
../Core/Src/st7565r.c:508:6:st7565r_FillCircle	48	static
../Core/Src/st7565r.c:544:6:st7565r_DrawRectangle	32	static
../Core/Src/st7565r.c:554:6:st7565r_FillRectangle	32	static
../Core/Src/st7565r.c:569:6:st7565r_DrawBitmap	32	static
../Core/Src/st7565r.c:593:6:st7565r_SetContrast	24	static
../Core/Src/st7565r.c:599:6:st7565r_SetDisplayOn	24	static
../Core/Src/st7565r.c:611:9:st7565r_GetDisplayOn	8	static
